// Jest Snapshot v1, https://goo.gl/fbAQLP

exports[`Card should render correctly 1`] = `
<DocumentFragment>
  <div>
    <div
      class="card"
    >
      <img
        alt="abstract.png"
        src="abstract.png"
      />
      <div
        class="details"
      >
        <div
          class="meta"
        >
          <p>
            2nd Januray, 2018
          </p>
          <p>
            2 mins
          </p>
        </div>
        <div
          class="caption"
        >
          <p>
            The future of abstract art and the culture ...
          </p>
        </div>
        <div
          class="description"
        >
          <p>
            Create a blog post subtitle that summarizes your post in a few short, punchy sentences and entices your...
          </p>
        </div>
        <div
          class="interaction"
        >
          <div
            class="claps"
          >
            <svg
              class="Clapping"
              data-testid="clapIcon"
            >
              clapping.svg
            </svg>
            <div
              data-testid="clap"
            >
              0
            </div>
          </div>
          <div
            class="likes"
          >
            <img
              alt="heartIcon"
              class="HeartRed HeartBlack"
              data-testid="like"
              src="heart-black.svg"
            />
          </div>
        </div>
      </div>
    </div>
  </div>
</DocumentFragment>
`;
